
--- Job Model_PEP-w-1_v4.0_GTAP11_240325.gms Start 03/26/24 16:48:15 45.6.0 2eadeefd WEX-WEI x86 64bit/MS Windows
--- Applying:
    C:\GAMS\45\gmsprmNT.txt
--- GAMS Parameters defined
    Input C:\Users\JIWON\GUIDE_GLOBAL_CGE\1.Static_CGE\Model_PEP-w-1_v4.0_GTAP11_240325.gms
    PageSize 0
    ScrDir C:\Users\JIWON\GUIDE_GLOBAL_CGE\1.Static_CGE\225b\
    SysDir C:\GAMS\45\
    LogOption 3
    ErrMsg 1
    ErrorLog 99
    IDE 1
    GDX C:\Users\JIWON\GUIDE_GLOBAL_CGE\1.Static_CGE\Model_PEP-w-1_v4.0_GTAP11_240325.gdx
    LstTitleLeftAligned 1
*** License file too old for this version of GAMS.
*** Maintenance expired 25 days ago.
Licensee: Medium MUD - 10 User License                   S220825|0002AO-WIN
          Konkuk University, Dept of Technology Fusion Engineering  DC16297
          C:\Users\JIWON\OneDrive\kakaotalk\GAMS\gamslice.txt
          License Admin: MInyoung Choi, mychoi1119@naver.com               
          The maintenance period of the license expired on Sep 19, 2023
          Please contact GAMS or your distributor for further information
Processor information: 1 socket(s), 12 core(s), and 16 thread(s) available
GAMS 45.6.0   Copyright (C) 1987-2024 GAMS Development. All rights reserved
--- Starting compilation
--- Model_PEP-w-1_v4.0_GTAP11_240325.gms(51) 2 Mb
--- GDXin=C:\Users\JIWON\GUIDE_GLOBAL_CGE\1.Static_CGE\Input_w-1\DATA_AGG-2019_GTAP11_240214.gdx
--- GDX File ($gdxIn) C:\Users\JIWON\GUIDE_GLOBAL_CGE\1.Static_CGE\Input_w-1\DATA_AGG-2019_GTAP11_240214.gdx
--- Model_PEP-w-1_v4.0_GTAP11_240325.gms(538) 3 Mb
--- GDXin=C:\Users\JIWON\GUIDE_GLOBAL_CGE\1.Static_CGE\Input_w-1\DATA_AGG-2019_GTAP11_240214.gdx
--- GDX File ($gdxIn) C:\Users\JIWON\GUIDE_GLOBAL_CGE\1.Static_CGE\Input_w-1\DATA_AGG-2019_GTAP11_240214.gdx
--- Model_PEP-w-1_v4.0_GTAP11_240325.gms(674) 5 Mb
--- call gdxxrw Input_w-1\JointB_VAL_230411_PAR.xls @Input_w-1\JointB_POWER_PAR.txt trace=0 output=Input_w-1\JointB_VAL_230411_PAR.gdx
--- Model_PEP-w-1_v4.0_GTAP11_240325.gms(675) 5 Mb
--- GDXin=C:\Users\JIWON\GUIDE_GLOBAL_CGE\1.Static_CGE\Input_w-1\JointB_VAL_230411_PAR.gdx
--- GDX File ($gdxIn) C:\Users\JIWON\GUIDE_GLOBAL_CGE\1.Static_CGE\Input_w-1\JointB_VAL_230411_PAR.gdx
--- Model_PEP-w-1_v4.0_GTAP11_240325.gms(1272) 5 Mb
--- . DATA_WEB-2019_240219.gms(754) 5 Mb
--- $echo File C:\Users\JIWON\GUIDE_GLOBAL_CGE\1.Static_CGE\Input_WEB\WEB19.txt
--- . DATA_WEB-2019_240219.gms(776) 5 Mb
--- call gdxxrw Input_WEB/230425_WEB19.xlsx @Input_WEB/WEB19.txt trace=0 output=Input_WEB/230425_WEB19.gdx
--- . DATA_WEB-2019_240219.gms(777) 5 Mb
--- GDXin=C:\Users\JIWON\GUIDE_GLOBAL_CGE\1.Static_CGE\Input_WEB\230425_WEB19.gdx
--- GDX File ($gdxIn) C:\Users\JIWON\GUIDE_GLOBAL_CGE\1.Static_CGE\Input_WEB\230425_WEB19.gdx
--- . DATA_WEB-2019_240219.gms(1268) 6 Mb
--- Model_PEP-w-1_v4.0_GTAP11_240325.gms(2955) 6 Mb
--- Starting execution: elapsed 0:00:04.832
--- Model_PEP-w-1_v4.0_GTAP11_240325.gms(2071) 11 Mb
--- GDX File (execute_unload) C:\Users\JIWON\GUIDE_GLOBAL_CGE\1.Static_CGE\Input_WEB\WEB_2019_230425.gdx
--- Model_PEP-w-1_v4.0_GTAP11_240325.gms(2514) 11 Mb
--- GDX File (execute_unload) C:\Users\JIWON\GUIDE_GLOBAL_CGE\1.Static_CGE\Input_WEB\DATA_WEB-2019_230418.gdx
--- Model_PEP-w-1_v4.0_GTAP11_240325.gms(2580) 11 Mb
--- GDX File (execute_unload) C:\Users\JIWON\GUIDE_GLOBAL_CGE\1.Static_CGE\DIO_wKLEM.gdx
--- Model_PEP-w-1_v4.0_GTAP11_240325.gms(2666) 12 Mb
--- GDX File (execute_unload) C:\Users\JIWON\GUIDE_GLOBAL_CGE\1.Static_CGE\CO2FACTOR_w-1_GTAP11.gdx
--- Model_PEP-w-1_v4.0_GTAP11_240325.gms(3818) 20 Mb
--- Generating NLP model PEPW1
--- Model_PEP-w-1_v4.0_GTAP11_240325.gms(3821) 58 Mb
---   87,517 rows  87,517 columns  429,536 non-zeroes
---   786,252 nl-code  259,689 nl-non-zeroes
--- Range statistics (absolute non-zero finite values)
--- RHS       [min, max] : [ 1.354E-02, 8.352E+02] - Zero values observed as well
--- Bound     [min, max] : [ 5.012E-17, 2.685E-03]
--- Matrix    [min, max] : [ 1.059E-20, 1.609E+04] - Zero values observed as well
--- Model_PEP-w-1_v4.0_GTAP11_240325.gms(3821) 52 Mb
--- Executing CONOPT4 (Solvelink=2): elapsed 0:00:05.988

CONOPT 4         45.6.0 2eadeefd Jan 4, 2024           WEI x86 64bit/MS Window

 
 
    C O N O P T   version 4.31
    Copyright (C) ARKI Consulting and Development A/S
                  Bagsvaerdvej 246 A
                  DK-2880 Bagsvaerd, Denmark
 
    65 constant coefficients less than 1.0E-20 (=Tol_Zero) have been removed.
    429471 coefficients left.
 
    The user model has 87517 constraints and 87517 variables
    with 429471 Jacobian elements, 259689 of which are nonlinear.
 
    Iter Phase   Ninf   Infeasibility   RGmax      NSB   Step  InItr MX OK
       0   0          1.0065205314E-08 (Input point)
 
    The pre-triangular part of the model has 5640 constraints and variables.
    The post-triangular part of the model has 1153 constraints and variables.
    There are 27839 definitional constraints and defined variables.
 
    Preprocessed model has 52885 constraints and 52885 variables
    with 386770 Jacobian elements, 319962 of which are nonlinear.
 
    Iter Phase   Ninf   Infeasibility   RGmax      NSB   Step  InItr MX OK
                      1.0677353847E-08 (Full preprocessed model)
                      6.9153333050E-10 (After scaling)
 
 ** Feasible solution. Value of objective =    1.00000000000
 
    Iter Phase   Ninf     Objective     RGmax      NSB   Step  InItr MX OK
       1   3          1.0000000000E+00 0.0E+00       0
 
 ** Optimal solution. Reduced gradient less than tolerance.
 
--- Reading solution for model PEPW1
--- Executing after solve: elapsed 0:00:07.785
--- Model_PEP-w-1_v4.0_GTAP11_240325.gms(3849) 52 Mb
--- Generating CNS model PEPW1
--- Model_PEP-w-1_v4.0_GTAP11_240325.gms(3858) 64 Mb
--- LOOPS sim = 1
---   87,517 rows  87,517 columns  429,536 non-zeroes
---   786,252 nl-code  259,689 nl-non-zeroes
--- Range statistics (absolute non-zero finite values)
--- RHS       [min, max] : [ 1.354E-02, 8.352E+02] - Zero values observed as well
--- Bound     [min, max] : [ 5.012E-17, 2.685E-03]
--- Matrix    [min, max] : [ 1.059E-20, 1.609E+04] - Zero values observed as well
--- Model_PEP-w-1_v4.0_GTAP11_240325.gms(3858) 59 Mb
--- Executing CONOPT (Solvelink=2): elapsed 0:00:08.862

CONOPT 3         45.6.0 2eadeefd Jan 4, 2024           WEI x86 64bit/MS Window

 
 
    C O N O P T 3   version 3.17O
    Copyright (C)   ARKI Consulting and Development A/S
                    Bagsvaerdvej 246 A
                    DK-2880 Bagsvaerd, Denmark
 
 
   Iter Phase Ninf   Infeasibility   RGmax    NSB   Step InItr MX OK
      0   0        1.0681386821E-08 (Input point)
 
                   Pre-triangular equations:   5575
                   Post-triangular equations:  1153
 
      1   0        1.0680777149E-08 (After pre-processing)
      2   0        7.6046124192E-10 (After scaling)
 
 ** Feasible solution to a square system.
 
--- Reading solution for model PEPW1
--- Executing after solve: elapsed 0:00:10.143
--- Model_PEP-w-1_v4.0_GTAP11_240325.gms(3849) 59 Mb
--- GDX File (execute_unload) C:\Users\JIWON\GUIDE_GLOBAL_CGE\1.Static_CGE\Output_w-1\results_PEP-w-1_v4.0_GTAP11_240214_CTAX.gdx
--- GDX File C:\Users\JIWON\GUIDE_GLOBAL_CGE\1.Static_CGE\Model_PEP-w-1_v4.0_GTAP11_240325.gdx
*** Status: Normal completion
--- Job Model_PEP-w-1_v4.0_GTAP11_240325.gms Stop 03/26/24 16:48:25 elapsed 0:00:10.313
